#-----------------------------------------------------------
# Webtalk v2019.1 (64-bit)
# SW Build 2552052 on Fri May 24 14:49:42 MDT 2019
# IP Build 2548770 on Fri May 24 18:01:18 MDT 2019
# Start of session at: Tue Nov 12 14:32:50 2024
# Process ID: 30908
# Current directory: e:/01_soc/06_keypad/zynqlab06/zynqlab06.tmp/mykeypad2_v1_0_project/myKEYPAD2_v1_0_project.sim/sim_1/impl/func/xsim
# Command line: wbtcv.exe -mode batch -source e:/01_soc/06_keypad/zynqlab06/zynqlab06.tmp/mykeypad2_v1_0_project/myKEYPAD2_v1_0_project.sim/sim_1/impl/func/xsim/xsim.dir/tb_Keypad_func_impl/webtalk/xsim_webtalk.tcl -notrace
# Log file: e:/01_soc/06_keypad/zynqlab06/zynqlab06.tmp/mykeypad2_v1_0_project/myKEYPAD2_v1_0_project.sim/sim_1/impl/func/xsim/webtalk.log
# Journal file: e:/01_soc/06_keypad/zynqlab06/zynqlab06.tmp/mykeypad2_v1_0_project/myKEYPAD2_v1_0_project.sim/sim_1/impl/func/xsim\webtalk.jou
#-----------------------------------------------------------
source e:/01_soc/06_keypad/zynqlab06/zynqlab06.tmp/mykeypad2_v1_0_project/myKEYPAD2_v1_0_project.sim/sim_1/impl/func/xsim/xsim.dir/tb_Keypad_func_impl/webtalk/xsim_webtalk.tcl -notrace
