#-----------------------------------------------------------
# Vivado v2019.1 (64-bit)
# SW Build 2552052 on Fri May 24 14:49:42 MDT 2019
# IP Build 2548770 on Fri May 24 18:01:18 MDT 2019
# Start of session at: Wed Oct  9 19:15:10 2024
# Process ID: 21940
# Current directory: E:/SoC/03_Lab03/Lab03
# Command line: vivado.exe -gui_launcher_event rodinguilauncherevent14468 E:\SoC\03_Lab03\Lab03\Lab03.xpr
# Log file: E:/SoC/03_Lab03/Lab03/vivado.log
# Journal file: E:/SoC/03_Lab03/Lab03\vivado.jou
#-----------------------------------------------------------
start_gui
open_project E:/SoC/03_Lab03/Lab03/Lab03.xpr
update_compile_order -fileset sources_1
launch_simulation
open_wave_config E:/SoC/03_Lab03/Lab03/tb_PWM_IP_behav.wcfg
source tb_PWM_IP.tcl
run 1 s
reset_run synth_1
launch_runs impl_1 -to_step write_bitstream -jobs 12
wait_on_run impl_1
reset_run synth_1
launch_runs impl_1 -to_step write_bitstream -jobs 12
wait_on_run impl_1
# Disabling source management mode.  This is to allow the top design properties to be set without GUI intervention.
set_property source_mgmt_mode None [current_project]
set_property top LED_test [current_fileset]
# Re-enabling previously disabled source management mode.
set_property source_mgmt_mode All [current_project]
update_compile_order -fileset sources_1
reset_run synth_1
launch_runs impl_1 -to_step write_bitstream -jobs 12
wait_on_run impl_1
reset_run synth_1
launch_runs impl_1 -to_step write_bitstream -jobs 12
wait_on_run impl_1
open_run impl_1
close_sim
