#-----------------------------------------------------------
# Vivado v2019.1 (64-bit)
# SW Build 2552052 on Fri May 24 14:49:42 MDT 2019
# IP Build 2548770 on Fri May 24 18:01:18 MDT 2019
# Start of session at: Fri Oct  4 05:33:36 2024
# Process ID: 29432
# Current directory: E:/SoC/03_Lab03/Lab03
# Command line: vivado.exe -gui_launcher_event rodinguilauncherevent23468 E:\SoC\03_Lab03\Lab03\Lab03.xpr
# Log file: E:/SoC/03_Lab03/Lab03/vivado.log
# Journal file: E:/SoC/03_Lab03/Lab03\vivado.jou
#-----------------------------------------------------------
start_gui
open_project E:/SoC/03_Lab03/Lab03/Lab03.xpr
update_compile_order -fileset sources_1
synth_design -rtl -name rtl_1
# Disabling source management mode.  This is to allow the top design properties to be set without GUI intervention.
set_property source_mgmt_mode None [current_project]
set_property top PWM_IP [current_fileset]
# Re-enabling previously disabled source management mode.
set_property source_mgmt_mode All [current_project]
refresh_design
update_compile_order -fileset sources_1
launch_simulation
open_wave_config E:/SoC/03_Lab03/Lab03/tb_TimerIP_behav.wcfg
open_wave_config E:/SoC/03_Lab03/Lab03/tb_PWM_IP_behav.wcfg
source tb_PWM_IP.tcl
relaunch_sim
run 1 s
relaunch_sim
relaunch_sim
run 1 s
refresh_design
relaunch_sim
relaunch_sim
run 1 s
relaunch_sim
run 1 s
run 1 s
relaunch_sim
run 1 s
relaunch_sim
run 1 s
relaunch_sim
run 1 s
relaunch_sim
run 1 s
save_wave_config {E:/SoC/03_Lab03/Lab03/tb_PWM_IP_behav.wcfg}
save_wave_config {E:/SoC/03_Lab03/Lab03/tb_PWM_IP_behav.wcfg}
close_sim
