#-----------------------------------------------------------
# Vivado v2019.1 (64-bit)
# SW Build 2552052 on Fri May 24 14:49:42 MDT 2019
# IP Build 2548770 on Fri May 24 18:01:18 MDT 2019
# Start of session at: Fri Oct  4 01:42:54 2024
# Process ID: 30000
# Current directory: E:/SoC/03_Lab03/Lab03
# Command line: vivado.exe -gui_launcher_event rodinguilauncherevent8844 E:\SoC\03_Lab03\Lab03\Lab03.xpr
# Log file: E:/SoC/03_Lab03/Lab03/vivado.log
# Journal file: E:/SoC/03_Lab03/Lab03\vivado.jou
#-----------------------------------------------------------
start_gui
open_project -part xc7z010iclg225-1L E:/SoC/03_Lab03/Lab03/Lab03.xpr
update_compile_order -fileset sources_1
set_property board_part digilentinc.com:zybo-z7-20:part0:1.2 [current_project]
close [ open E:/SoC/03_Lab03/Lab03/Lab03.srcs/sources_1/new/Up_Counter.v w ]
add_files E:/SoC/03_Lab03/Lab03/Lab03.srcs/sources_1/new/Up_Counter.v
update_compile_order -fileset sources_1
export_ip_user_files -of_objects  [get_files E:/SoC/03_Lab03/Lab03/Lab03.srcs/sources_1/new/Up_Counter.v] -no_script -reset -force -quiet
remove_files  E:/SoC/03_Lab03/Lab03/Lab03.srcs/sources_1/new/Up_Counter.v
close [ open E:/SoC/03_Lab03/Lab03/Lab03.srcs/sources_1/new/up_counter.v w ]
add_files E:/SoC/03_Lab03/Lab03/Lab03.srcs/sources_1/new/up_counter.v
update_compile_order -fileset sources_1
update_compile_order -fileset sources_1
add_files -norecurse -scan_for_includes E:/SoC/03_Lab03/Lab03/Lab03.srcs/sources_1/new/keypad.v
update_compile_order -fileset sources_1
close [ open E:/SoC/03_Lab03/Lab03/Lab03.srcs/sources_1/new/seven_segment_display.v w ]
add_files E:/SoC/03_Lab03/Lab03/Lab03.srcs/sources_1/new/seven_segment_display.v
update_compile_order -fileset sources_1
close [ open E:/SoC/03_Lab03/Lab03/Lab03.srcs/sources_1/new/top.v w ]
add_files E:/SoC/03_Lab03/Lab03/Lab03.srcs/sources_1/new/top.v
update_compile_order -fileset sources_1
update_compile_order -fileset sources_1
file mkdir E:/SoC/03_Lab03/Lab03/Lab03.srcs/constrs_1
file mkdir E:/SoC/03_Lab03/Lab03/Lab03.srcs/constrs_1/new
close [ open E:/SoC/03_Lab03/Lab03/Lab03.srcs/constrs_1/new/PWM.xdc w ]
add_files -fileset constrs_1 E:/SoC/03_Lab03/Lab03/Lab03.srcs/constrs_1/new/PWM.xdc
close [ open E:/SoC/03_Lab03/Lab03/Lab03.srcs/sources_1/new/edge_detector.v w ]
add_files E:/SoC/03_Lab03/Lab03/Lab03.srcs/sources_1/new/edge_detector.v
update_compile_order -fileset sources_1
update_compile_order -fileset sources_1
launch_runs synth_1 -jobs 12
wait_on_run synth_1
reset_run synth_1
launch_runs synth_1 -jobs 12
wait_on_run synth_1
launch_runs impl_1 -jobs 12
wait_on_run impl_1
open_run impl_1
reset_run synth_1
launch_runs impl_1 -to_step write_bitstream -jobs 12
wait_on_run impl_1
reset_run synth_1
launch_runs impl_1 -to_step write_bitstream -jobs 12
wait_on_run impl_1
open_hw
connect_hw_server
open_hw_target
set_property PROGRAM.FILE {E:/SoC/03_Lab03/Lab03/Lab03.runs/impl_1/top.bit} [get_hw_devices xc7z020_1]
current_hw_device [get_hw_devices xc7z020_1]
refresh_hw_device -update_hw_probes false [lindex [get_hw_devices xc7z020_1] 0]
set_property PROBES.FILE {} [get_hw_devices xc7z020_1]
set_property FULL_PROBES.FILE {} [get_hw_devices xc7z020_1]
set_property PROGRAM.FILE {E:/SoC/03_Lab03/Lab03/Lab03.runs/impl_1/top.bit} [get_hw_devices xc7z020_1]
program_hw_devices [get_hw_devices xc7z020_1]
refresh_hw_device [lindex [get_hw_devices xc7z020_1] 0]
close_hw
close_design
export_ip_user_files -of_objects  [get_files E:/SoC/03_Lab03/Lab03/Lab03.srcs/sources_1/new/top.v] -no_script -reset -force -quiet
remove_files  E:/SoC/03_Lab03/Lab03/Lab03.srcs/sources_1/new/top.v
export_ip_user_files -of_objects  [get_files E:/SoC/03_Lab03/Lab03/Lab03.srcs/sources_1/new/keypad.v] -no_script -reset -force -quiet
remove_files  E:/SoC/03_Lab03/Lab03/Lab03.srcs/sources_1/new/keypad.v
export_ip_user_files -of_objects  [get_files E:/SoC/03_Lab03/Lab03/Lab03.srcs/sources_1/new/seven_segment_display.v] -no_script -reset -force -quiet
remove_files  E:/SoC/03_Lab03/Lab03/Lab03.srcs/sources_1/new/seven_segment_display.v
update_compile_order -fileset sources_1
update_compile_order -fileset sources_1
save_project_as PWM_LED_test E:/SoC/03_Lab03/PWM_LED_test -force
import_files
update_compile_order -fileset sources_1
export_ip_user_files -of_objects  [get_files E:/SoC/03_Lab03/PWM_LED_test/PWM_LED_test.srcs/sources_1/new/AddrDec.v] -no_script -reset -force -quiet
remove_files  E:/SoC/03_Lab03/PWM_LED_test/PWM_LED_test.srcs/sources_1/new/AddrDec.v
export_ip_user_files -of_objects  [get_files E:/SoC/03_Lab03/PWM_LED_test/PWM_LED_test.srcs/sources_1/new/TimerIP.v] -no_script -reset -force -quiet
remove_files  E:/SoC/03_Lab03/PWM_LED_test/PWM_LED_test.srcs/sources_1/new/TimerIP.v
export_ip_user_files -of_objects  [get_files E:/SoC/03_Lab03/PWM_LED_test/PWM_LED_test.srcs/sources_1/new/up_counter.v] -no_script -reset -force -quiet
remove_files  E:/SoC/03_Lab03/PWM_LED_test/PWM_LED_test.srcs/sources_1/new/up_counter.v
export_ip_user_files -of_objects  [get_files E:/SoC/03_Lab03/PWM_LED_test/PWM_LED_test.srcs/sources_1/new/edge_detector.v] -no_script -reset -force -quiet
remove_files  E:/SoC/03_Lab03/PWM_LED_test/PWM_LED_test.srcs/sources_1/new/edge_detector.v
reset_run synth_1
launch_runs impl_1 -to_step write_bitstream -jobs 12
wait_on_run impl_1
reset_run synth_1
launch_runs impl_1 -to_step write_bitstream -jobs 12
wait_on_run impl_1
reset_run synth_1
launch_runs impl_1 -to_step write_bitstream -jobs 12
wait_on_run impl_1
open_hw
connect_hw_server
open_hw_target
set_property PROGRAM.FILE {E:/SoC/03_Lab03/PWM_LED_test/PWM_LED_test.runs/impl_1/PWM_LED.bit} [get_hw_devices xc7z020_1]
current_hw_device [get_hw_devices xc7z020_1]
refresh_hw_device -update_hw_probes false [lindex [get_hw_devices xc7z020_1] 0]
set_property PROBES.FILE {} [get_hw_devices xc7z020_1]
set_property FULL_PROBES.FILE {} [get_hw_devices xc7z020_1]
set_property PROGRAM.FILE {E:/SoC/03_Lab03/PWM_LED_test/PWM_LED_test.runs/impl_1/PWM_LED.bit} [get_hw_devices xc7z020_1]
program_hw_devices [get_hw_devices xc7z020_1]
refresh_hw_device [lindex [get_hw_devices xc7z020_1] 0]
set_property PROBES.FILE {} [get_hw_devices xc7z020_1]
set_property FULL_PROBES.FILE {} [get_hw_devices xc7z020_1]
set_property PROGRAM.FILE {E:/SoC/03_Lab03/PWM_LED_test/PWM_LED_test.runs/impl_1/PWM_LED.bit} [get_hw_devices xc7z020_1]
program_hw_devices [get_hw_devices xc7z020_1]
refresh_hw_device [lindex [get_hw_devices xc7z020_1] 0]
close_hw
close [ open E:/SoC/03_Lab03/PWM_LED_test/PWM_LED_test.srcs/sources_1/new/PWM_12bit_LED.v w ]
add_files E:/SoC/03_Lab03/PWM_LED_test/PWM_LED_test.srcs/sources_1/new/PWM_12bit_LED.v
update_compile_order -fileset sources_1
# Disabling source management mode.  This is to allow the top design properties to be set without GUI intervention.
set_property source_mgmt_mode None [current_project]
set_property top PWM_12bit_LED [current_fileset]
# Re-enabling previously disabled source management mode.
set_property source_mgmt_mode All [current_project]
update_compile_order -fileset sources_1
reset_run synth_1
launch_runs impl_1 -to_step write_bitstream -jobs 12
wait_on_run impl_1
open_hw
connect_hw_server
open_hw_target
set_property PROGRAM.FILE {E:/SoC/03_Lab03/PWM_LED_test/PWM_LED_test.runs/impl_1/PWM_12bit_LED.bit} [get_hw_devices xc7z020_1]
current_hw_device [get_hw_devices xc7z020_1]
refresh_hw_device -update_hw_probes false [lindex [get_hw_devices xc7z020_1] 0]
set_property PROBES.FILE {} [get_hw_devices xc7z020_1]
set_property FULL_PROBES.FILE {} [get_hw_devices xc7z020_1]
set_property PROGRAM.FILE {E:/SoC/03_Lab03/PWM_LED_test/PWM_LED_test.runs/impl_1/PWM_12bit_LED.bit} [get_hw_devices xc7z020_1]
program_hw_devices [get_hw_devices xc7z020_1]
refresh_hw_device [lindex [get_hw_devices xc7z020_1] 0]
