#-----------------------------------------------------------
# Vivado v2019.1 (64-bit)
# SW Build 2552052 on Fri May 24 14:49:42 MDT 2019
# IP Build 2548770 on Fri May 24 18:01:18 MDT 2019
# Start of session at: Mon Sep 30 03:23:49 2024
# Process ID: 26160
# Current directory: E:/SoC/02_SimLab02/SimLab02
# Command line: vivado.exe -gui_launcher_event rodinguilauncherevent22512 E:\SoC\02_SimLab02\SimLab02\SimLab02.xpr
# Log file: E:/SoC/02_SimLab02/SimLab02/vivado.log
# Journal file: E:/SoC/02_SimLab02/SimLab02\vivado.jou
#-----------------------------------------------------------
start_gui
open_project E:/SoC/02_SimLab02/SimLab02/SimLab02.xpr
update_compile_order -fileset sources_1
launch_simulation
open_wave_config E:/SoC/02_SimLab02/SimLab02/SimLab02.srcs/sim_1/imports/SimLab01/tb_CombinedIP_behav.wcfg
open_wave_config E:/SoC/02_SimLab02/SimLab02/tb_ConstReg_behav.wcfg
source tb_ConstReg.tcl
close_sim
# Disabling source management mode.  This is to allow the top design properties to be set without GUI intervention.
set_property source_mgmt_mode None [current_project]
set_property top tb_WB [get_filesets sim_1]
set_property top_lib xil_defaultlib [get_filesets sim_1]
# Re-enabling previously disabled source management mode.
set_property source_mgmt_mode All [current_project]
update_compile_order -fileset sim_1
launch_simulation
open_wave_config E:/SoC/02_SimLab02/SimLab02/SimLab02.srcs/sim_1/imports/SimLab01/tb_CombinedIP_behav.wcfg
open_wave_config E:/SoC/02_SimLab02/SimLab02/tb_ConstReg_behav.wcfg
source tb_WB.tcl
create_wave_config
relaunch_sim
relaunch_sim
relaunch_sim
save_wave_config {E:/SoC/02_SimLab02/SimLab02/tb_WB_behav.wcfg}
add_files -fileset sim_1 -norecurse E:/SoC/02_SimLab02/SimLab02/tb_WB_behav.wcfg
set_property xsim.view {E:/01_SimLab01/SimLab01/tb_CombinedIP_behav.wcfg E:/SoC/02_SimLab02/SimLab02/tb_ConstReg_behav.wcfg E:/SoC/02_SimLab02/SimLab02/tb_WB_behav.wcfg} [get_filesets sim_1]
relaunch_sim
save_wave_config {E:/SoC/02_SimLab02/SimLab02/tb_WB_behav.wcfg}
close_sim
# Disabling source management mode.  This is to allow the top design properties to be set without GUI intervention.
set_property source_mgmt_mode None [current_project]
set_property top tb_DigInPort [get_filesets sim_1]
set_property top_lib xil_defaultlib [get_filesets sim_1]
# Re-enabling previously disabled source management mode.
set_property source_mgmt_mode All [current_project]
update_compile_order -fileset sim_1
launch_simulation
open_wave_config E:/SoC/02_SimLab02/SimLab02/SimLab02.srcs/sim_1/imports/SimLab01/tb_CombinedIP_behav.wcfg
open_wave_config E:/SoC/02_SimLab02/SimLab02/tb_ConstReg_behav.wcfg
open_wave_config E:/SoC/02_SimLab02/SimLab02/tb_WB_behav.wcfg
source tb_DigInPort.tcl
create_wave_config
relaunch_sim
relaunch_sim
relaunch_sim
save_wave_config {E:/SoC/02_SimLab02/SimLab02/tb_DigInPort_behav.wcfg}
add_files -fileset sim_1 -norecurse E:/SoC/02_SimLab02/SimLab02/tb_DigInPort_behav.wcfg
set_property xsim.view {E:/01_SimLab01/SimLab01/tb_CombinedIP_behav.wcfg E:/SoC/02_SimLab02/SimLab02/tb_ConstReg_behav.wcfg E:/SoC/02_SimLab02/SimLab02/tb_WB_behav.wcfg E:/SoC/02_SimLab02/SimLab02/tb_DigInPort_behav.wcfg} [get_filesets sim_1]
close_sim
# Disabling source management mode.  This is to allow the top design properties to be set without GUI intervention.
set_property source_mgmt_mode None [current_project]
set_property top tb_CombinedIP [get_filesets sim_1]
set_property top_lib xil_defaultlib [get_filesets sim_1]
# Re-enabling previously disabled source management mode.
set_property source_mgmt_mode All [current_project]
update_compile_order -fileset sim_1
launch_simulation
open_wave_config E:/SoC/02_SimLab02/SimLab02/SimLab02.srcs/sim_1/imports/SimLab01/tb_CombinedIP_behav.wcfg
open_wave_config E:/SoC/02_SimLab02/SimLab02/tb_ConstReg_behav.wcfg
open_wave_config E:/SoC/02_SimLab02/SimLab02/tb_WB_behav.wcfg
open_wave_config E:/SoC/02_SimLab02/SimLab02/tb_DigInPort_behav.wcfg
source tb_CombinedIP.tcl
save_wave_config {E:/SoC/02_SimLab02/SimLab02/SimLab02.srcs/sim_1/imports/SimLab01/tb_CombinedIP_behav.wcfg}
close_sim
