#-----------------------------------------------------------
# Vivado v2019.1 (64-bit)
# SW Build 2552052 on Fri May 24 14:49:42 MDT 2019
# IP Build 2548770 on Fri May 24 18:01:18 MDT 2019
# Start of session at: Mon Sep 30 04:46:59 2024
# Process ID: 9888
# Current directory: E:/SoC/02_SimLab02/SimLab02
# Command line: vivado.exe -gui_launcher_event rodinguilauncherevent25808 E:\SoC\02_SimLab02\SimLab02\SimLab02.xpr
# Log file: E:/SoC/02_SimLab02/SimLab02/vivado.log
# Journal file: E:/SoC/02_SimLab02/SimLab02\vivado.jou
#-----------------------------------------------------------
start_gui
open_project E:/SoC/02_SimLab02/SimLab02/SimLab02.xpr
pdate_compile_order -fileset sources_1
launch_simulation
open_wave_config E:/SoC/02_SimLab02/SimLab02/SimLab02.srcs/sim_1/imports/SimLab01/tb_CombinedIP_behav.wcfg
open_wave_config E:/SoC/02_SimLab02/SimLab02/tb_ConstReg_behav.wcfg
open_wave_config E:/SoC/02_SimLab02/SimLab02/tb_WB_behav.wcfg
open_wave_config E:/SoC/02_SimLab02/SimLab02/tb_DigInPort_behav.wcfg
source tb_CombinedIP.tcl
close_sim
