11:30:43 **** Incremental Build of configuration Debug for project ZynqLab04 ****
make pre-build main-build 
a9-linaro-pre-build-step
' '
make: Nothing to be done for 'main-build'.
11:30:52 **** Incremental Build of configuration Debug for project ZynqLab04 ****
make pre-build main-build 
a9-linaro-pre-build-step
' '
make: Nothing to be done for 'main-build'.
11:32:00 **** Auto Build of configuration Debug for project ZynqLab04 ****
make pre-build main-build 
a9-linaro-pre-build-step
' '
'Building file: ../src/main.c'
'Invoking: ARM v7 gcc compiler'
arm-none-eabi-gcc -Wall -O0 -g3 -c -fmessage-length=0 -MT"src/main.o" -mcpu=cortex-a9 -mfpu=vfpv3 -mfloat-abi=hard -I../../ZynqLab04_bsp/ps7_cortexa9_0/include -MMD -MP -MF"src/main.d" -MT"src/main.o" -o "src/main.o" "../src/main.c"
'Finished building: ../src/main.c'
' '
'Building target: ZynqLab04.elf'
'Invoking: ARM v7 gcc linker'
arm-none-eabi-gcc -mcpu=cortex-a9 -mfpu=vfpv3 -mfloat-abi=hard -Wl,-build-id=none -specs=Xilinx.spec -Wl,-T -Wl,../src/lscript.ld -L../../ZynqLab04_bsp/ps7_cortexa9_0/lib -o "ZynqLab04.elf"  ./src/main.o   -Wl,--start-group,-lxil,-lgcc,-lc,--end-group
'Finished building target: ZynqLab04.elf'
' '
'Invoking: ARM v7 Print Size'
arm-none-eabi-size ZynqLab04.elf  |tee "ZynqLab04.elf.size"
   text	   data	    bss	    dec	    hex	filename
  56572	   2584	  23328	  82484	  14234	ZynqLab04.elf
'Finished building: ZynqLab04.elf.size'
' '
11:32:24 **** Auto Build of configuration Debug for project ZynqLab04 ****
make pre-build main-build 
a9-linaro-pre-build-step
' '
'Building file: ../src/main.c'
'Invoking: ARM v7 gcc compiler'
arm-none-eabi-gcc -Wall -O0 -g3 -c -fmessage-length=0 -MT"src/main.o" -mcpu=cortex-a9 -mfpu=vfpv3 -mfloat-abi=hard -I../../ZynqLab04_bsp/ps7_cortexa9_0/include -MMD -MP -MF"src/main.d" -MT"src/main.o" -o "src/main.o" "../src/main.c"
'Finished building: ../src/main.c'
' '
'Building target: ZynqLab04.elf'
'Invoking: ARM v7 gcc linker'
arm-none-eabi-gcc -mcpu=cortex-a9 -mfpu=vfpv3 -mfloat-abi=hard -Wl,-build-id=none -specs=Xilinx.spec -Wl,-T -Wl,../src/lscript.ld -L../../ZynqLab04_bsp/ps7_cortexa9_0/lib -o "ZynqLab04.elf"  ./src/main.o   -Wl,--start-group,-lxil,-lgcc,-lc,--end-group
'Finished building target: ZynqLab04.elf'
' '
'Invoking: ARM v7 Print Size'
arm-none-eabi-size ZynqLab04.elf  |tee "ZynqLab04.elf.size"
   text	   data	    bss	    dec	    hex	filename
  56572	   2584	  23328	  82484	  14234	ZynqLab04.elf
'Finished building: ZynqLab04.elf.size'
' '
11:32:31 **** Incremental Build of configuration Debug for project ZynqLab04 ****
make pre-build main-build 
a9-linaro-pre-build-step
' '
make: Nothing to be done for 'main-build'.
11:33:20 **** Incremental Build of configuration Debug for project ZynqLab04 ****
make pre-build main-build 
a9-linaro-pre-build-step
' '
make: Nothing to be done for 'main-build'.
11:34:39 **** Auto Build of configuration Debug for project ZynqLab04 ****
make pre-build main-build 
a9-linaro-pre-build-step
' '
'Building file: ../src/main.c'
'Invoking: ARM v7 gcc compiler'
arm-none-eabi-gcc -Wall -O0 -g3 -c -fmessage-length=0 -MT"src/main.o" -mcpu=cortex-a9 -mfpu=vfpv3 -mfloat-abi=hard -I../../ZynqLab04_bsp/ps7_cortexa9_0/include -MMD -MP -MF"src/main.d" -MT"src/main.o" -o "src/main.o" "../src/main.c"
'Finished building: ../src/main.c'
' '
'Building target: ZynqLab04.elf'
'Invoking: ARM v7 gcc linker'
arm-none-eabi-gcc -mcpu=cortex-a9 -mfpu=vfpv3 -mfloat-abi=hard -Wl,-build-id=none -specs=Xilinx.spec -Wl,-T -Wl,../src/lscript.ld -L../../ZynqLab04_bsp/ps7_cortexa9_0/lib -o "ZynqLab04.elf"  ./src/main.o   -Wl,--start-group,-lxil,-lgcc,-lc,--end-group
'Finished building target: ZynqLab04.elf'
' '
'Invoking: ARM v7 Print Size'
arm-none-eabi-size ZynqLab04.elf  |tee "ZynqLab04.elf.size"
   text	   data	    bss	    dec	    hex	filename
  56572	   2584	  23328	  82484	  14234	ZynqLab04.elf
'Finished building: ZynqLab04.elf.size'
' '
11:35:08 **** Incremental Build of configuration Debug for project ZynqLab04 ****
make pre-build main-build 
a9-linaro-pre-build-step
' '
make: Nothing to be done for 'main-build'.
11:35:30 **** Auto Build of configuration Debug for project ZynqLab04 ****
make pre-build main-build 
a9-linaro-pre-build-step
' '
'Building file: ../src/main.c'
'Invoking: ARM v7 gcc compiler'
arm-none-eabi-gcc -Wall -O0 -g3 -c -fmessage-length=0 -MT"src/main.o" -mcpu=cortex-a9 -mfpu=vfpv3 -mfloat-abi=hard -I../../ZynqLab04_bsp/ps7_cortexa9_0/include -MMD -MP -MF"src/main.d" -MT"src/main.o" -o "src/main.o" "../src/main.c"
'Finished building: ../src/main.c'
' '
'Building target: ZynqLab04.elf'
'Invoking: ARM v7 gcc linker'
arm-none-eabi-gcc -mcpu=cortex-a9 -mfpu=vfpv3 -mfloat-abi=hard -Wl,-build-id=none -specs=Xilinx.spec -Wl,-T -Wl,../src/lscript.ld -L../../ZynqLab04_bsp/ps7_cortexa9_0/lib -o "ZynqLab04.elf"  ./src/main.o   -Wl,--start-group,-lxil,-lgcc,-lc,--end-group
'Finished building target: ZynqLab04.elf'
' '
'Invoking: ARM v7 Print Size'
arm-none-eabi-size ZynqLab04.elf  |tee "ZynqLab04.elf.size"
   text	   data	    bss	    dec	    hex	filename
  56572	   2584	  23328	  82484	  14234	ZynqLab04.elf
'Finished building: ZynqLab04.elf.size'
' '
11:35:34 **** Auto Build of configuration Debug for project ZynqLab04 ****
make pre-build main-build 
a9-linaro-pre-build-step
' '
'Building file: ../src/main.c'
'Invoking: ARM v7 gcc compiler'
arm-none-eabi-gcc -Wall -O0 -g3 -c -fmessage-length=0 -MT"src/main.o" -mcpu=cortex-a9 -mfpu=vfpv3 -mfloat-abi=hard -I../../ZynqLab04_bsp/ps7_cortexa9_0/include -MMD -MP -MF"src/main.d" -MT"src/main.o" -o "src/main.o" "../src/main.c"
'Finished building: ../src/main.c'
' '
'Building target: ZynqLab04.elf'
'Invoking: ARM v7 gcc linker'
arm-none-eabi-gcc -mcpu=cortex-a9 -mfpu=vfpv3 -mfloat-abi=hard -Wl,-build-id=none -specs=Xilinx.spec -Wl,-T -Wl,../src/lscript.ld -L../../ZynqLab04_bsp/ps7_cortexa9_0/lib -o "ZynqLab04.elf"  ./src/main.o   -Wl,--start-group,-lxil,-lgcc,-lc,--end-group
'Finished building target: ZynqLab04.elf'
' '
'Invoking: ARM v7 Print Size'
arm-none-eabi-size ZynqLab04.elf  |tee "ZynqLab04.elf.size"
   text	   data	    bss	    dec	    hex	filename
  56572	   2584	  23328	  82484	  14234	ZynqLab04.elf
'Finished building: ZynqLab04.elf.size'
' '
11:35:36 **** Incremental Build of configuration Debug for project ZynqLab04 ****
make pre-build main-build 
a9-linaro-pre-build-step
' '
make: Nothing to be done for 'main-build'.
